
> smart-group-project-manager@0.0.0 build
> tsc -b && vite build

src/admin/pages/AdminDashboard.tsx(62,30): error TS6133: 'recentMessages' is declared but its value is never read.
src/admin/pages/AdminDashboard.tsx(66,12): error TS6133: 'selectedProject' is declared but its value is never read.
src/admin/pages/AdminDashboard.tsx(66,29): error TS6133: 'setSelectedProject' is declared but its value is never read.
src/admin/pages/AdminFinalProjectDetail.tsx(13,5): error TS6133: 'ChevronRight' is declared but its value is never read.
src/admin/pages/AdminFinalProjectDetail.tsx(20,10): error TS6133: 'Task' is declared but its value is never read.
src/utils/reportGenerator.ts(9,11): error TS6133: 'lateSubmissions' is declared but its value is never read.
