
> smart-group-project-manager@0.0.0 build
> tsc -b && vite build

src/components/ChatSystem.tsx(129,73): error TS2339: Property 'seenBy' does not exist on type 'ChatMessage'.
src/components/ChatSystem.tsx(723,119): error TS2339: Property 'seenBy' does not exist on type 'ChatMessage'.
src/components/ChatSystem.tsx(723,133): error TS2339: Property 'seenBy' does not exist on type 'ChatMessage'.
src/components/ChatSystem.tsx(724,70): error TS2339: Property 'seenBy' does not exist on type 'ChatMessage'.
src/components/ChatSystem.tsx(724,84): error TS2339: Property 'seenBy' does not exist on type 'ChatMessage'.
